/data/miniconda3/envs/quant/lib/python3.10/site-packages/mlflow/utils/autologging_utils/versioning.py:6: UserWarning: pkg_resources is deprecated as an API. See https://setuptools.pypa.io/en/latest/pkg_resources.html. The pkg_resources package is slated for removal as early as 2025-11-30. Refrain from using this package or pin to Setuptools<81.
  from pkg_resources import resource_filename
Gym has been unmaintained since 2022 and does not support NumPy 2.0 amongst other critical functionality.
Please upgrade to Gymnasium, the maintained drop-in replacement of Gym, or contact the authors of your software and request that they upgrade.
Users of this version of Gym should be able to simply replace 'import gym' with 'import gymnasium as gym' in the vast majority of cases.
See the migration guide at https://gymnasium.farama.org/introduction/migration_guide/ for additional information.
2026-03-30 15:49:59.355 | WARNING  | qlib.tests.data:qlib_data:174 - Data already exists: /data/lyc/quant/qlib_bin, the data download will be skipped
	If downloading is required: `exists_skip=False` or `change target_dir`
[2049618:MainThread](2026-03-30 15:49:59,356) INFO - qlib.Initialization - [config.py:416] - default_conf: client.
[2049618:MainThread](2026-03-30 15:49:59,358) INFO - qlib.Initialization - [__init__.py:74] - qlib successfully initialized based on client settings.
[2049618:MainThread](2026-03-30 15:49:59,359) INFO - qlib.Initialization - [__init__.py:76] - data_path={'__DEFAULT_FREQ': PosixPath('/data/lyc/quant/qlib_bin')}
[2049618:MainThread](2026-03-30 15:50:07,198) INFO - qlib.timer - [log.py:127] - Time cost: 5.863s | Loading data Done
/data/miniconda3/envs/quant/lib/python3.10/site-packages/numpy/lib/nanfunctions.py:1095: RuntimeWarning: All-NaN slice encountered
  result = np.apply_along_axis(_nanmedian1d, axis, a, overwrite_input)
[2049618:MainThread](2026-03-30 15:50:10,992) INFO - qlib.timer - [log.py:127] - Time cost: 3.733s | RobustZScoreNorm Done
[2049618:MainThread](2026-03-30 15:50:11,300) INFO - qlib.timer - [log.py:127] - Time cost: 0.306s | Fillna Done
[2049618:MainThread](2026-03-30 15:50:11,300) INFO - qlib.timer - [log.py:127] - Time cost: 4.101s | fit & process data Done
[2049618:MainThread](2026-03-30 15:50:11,300) INFO - qlib.timer - [log.py:127] - Time cost: 9.966s | Init data Done
------------------------
seed: 0
Epoch 0, train_loss 1.075006, val_loss 1.001490 | IC 0.0467, ICIR 0.2155, RankIC 0.0449, RankICIR 0.2115
Epoch 1, train_loss 1.021589, val_loss 0.995673 | IC 0.0682, ICIR 0.2925, RankIC 0.0647, RankICIR 0.2855
Epoch 2, train_loss 1.007996, val_loss 0.993967 | IC 0.0726, ICIR 0.3137, RankIC 0.0692, RankICIR 0.3048
Epoch 3, train_loss 1.000854, val_loss 0.990520 | IC 0.0896, ICIR 0.3686, RankIC 0.0843, RankICIR 0.3582
Epoch 4, train_loss 0.995465, val_loss 0.989860 | IC 0.0903, ICIR 0.3807, RankIC 0.0859, RankICIR 0.3721
Epoch 5, train_loss 0.992790, val_loss 0.990339 | IC 0.0932, ICIR 0.4011, RankIC 0.0878, RankICIR 0.3875
Epoch 6, train_loss 0.991225, val_loss 0.988175 | IC 0.0961, ICIR 0.3988, RankIC 0.0909, RankICIR 0.3859
Epoch 7, train_loss 0.989139, val_loss 0.989059 | IC 0.0946, ICIR 0.4038, RankIC 0.0880, RankICIR 0.3846
Epoch 8, train_loss 0.988269, val_loss 0.988715 | IC 0.0976, ICIR 0.4085, RankIC 0.0913, RankICIR 0.3910
Epoch 9, train_loss 0.987019, val_loss 0.990402 | IC 0.0854, ICIR 0.3867, RankIC 0.0809, RankICIR 0.3692
Epoch 10, train_loss 0.985106, val_loss 0.989005 | IC 0.0958, ICIR 0.4044, RankIC 0.0884, RankICIR 0.3805
Epoch 11, train_loss 0.985164, val_loss 0.989140 | IC 0.0954, ICIR 0.4088, RankIC 0.0884, RankICIR 0.3873
Epoch 12, train_loss 0.983421, val_loss 0.989433 | IC 0.0954, ICIR 0.4109, RankIC 0.0877, RankICIR 0.3867
Epoch 13, train_loss 0.982939, val_loss 0.989464 | IC 0.0947, ICIR 0.4296, RankIC 0.0898, RankICIR 0.4137
Epoch 14, train_loss 0.981881, val_loss 0.989112 | IC 0.0933, ICIR 0.4150, RankIC 0.0862, RankICIR 0.3885
Epoch 15, train_loss 0.980477, val_loss 0.989498 | IC 0.0924, ICIR 0.4154, RankIC 0.0882, RankICIR 0.4012
Epoch 16, train_loss 0.980641, val_loss 0.989999 | IC 0.0943, ICIR 0.4176, RankIC 0.0884, RankICIR 0.3964
Epoch 17, train_loss 0.979037, val_loss 0.988084 | IC 0.1010, ICIR 0.4298, RankIC 0.0922, RankICIR 0.4032
Epoch 18, train_loss 0.977849, val_loss 0.988155 | IC 0.0993, ICIR 0.4360, RankIC 0.0929, RankICIR 0.4152
Epoch 19, train_loss 0.976742, val_loss 0.990650 | IC 0.0963, ICIR 0.4125, RankIC 0.0902, RankICIR 0.3953
Epoch 20, train_loss 0.977106, val_loss 0.989669 | IC 0.0964, ICIR 0.4194, RankIC 0.0883, RankICIR 0.3937
Epoch 21, train_loss 0.975878, val_loss 0.989920 | IC 0.0964, ICIR 0.4251, RankIC 0.0915, RankICIR 0.4127
Epoch 22, train_loss 0.976388, val_loss 0.989649 | IC 0.0987, ICIR 0.4305, RankIC 0.0918, RankICIR 0.4124
Epoch 23, train_loss 0.974222, val_loss 0.991044 | IC 0.0948, ICIR 0.4266, RankIC 0.0890, RankICIR 0.4053
Epoch 24, train_loss 0.973440, val_loss 0.990801 | IC 0.0932, ICIR 0.4164, RankIC 0.0868, RankICIR 0.3950
Epoch 25, train_loss 0.972938, val_loss 0.990463 | IC 0.0943, ICIR 0.4275, RankIC 0.0885, RankICIR 0.4072
Epoch 26, train_loss 0.972084, val_loss 0.990816 | IC 0.0943, ICIR 0.4189, RankIC 0.0882, RankICIR 0.3975
Epoch 27, train_loss 0.970773, val_loss 0.992603 | IC 0.0951, ICIR 0.4259, RankIC 0.0901, RankICIR 0.4079
Epoch 28, train_loss 0.969013, val_loss 0.992081 | IC 0.0949, ICIR 0.4334, RankIC 0.0884, RankICIR 0.4103
Epoch 29, train_loss 0.969106, val_loss 0.993598 | IC 0.0884, ICIR 0.4116, RankIC 0.0828, RankICIR 0.3897
Epoch 30, train_loss 0.967953, val_loss 0.992914 | IC 0.0925, ICIR 0.4248, RankIC 0.0857, RankICIR 0.3984
Epoch 31, train_loss 0.968015, val_loss 0.993163 | IC 0.0933, ICIR 0.4224, RankIC 0.0876, RankICIR 0.4060
Epoch 32, train_loss 0.966490, val_loss 0.995101 | IC 0.0879, ICIR 0.3974, RankIC 0.0824, RankICIR 0.3818
Epoch 33, train_loss 0.966260, val_loss 0.993223 | IC 0.0936, ICIR 0.4266, RankIC 0.0859, RankICIR 0.3986
Epoch 34, train_loss 0.965419, val_loss 0.993880 | IC 0.0886, ICIR 0.4117, RankIC 0.0822, RankICIR 0.3870
Epoch 35, train_loss 0.964479, val_loss 0.996949 | IC 0.0886, ICIR 0.4005, RankIC 0.0817, RankICIR 0.3742
Epoch 36, train_loss 0.963008, val_loss 0.994949 | IC 0.0961, ICIR 0.4264, RankIC 0.0890, RankICIR 0.4055
Epoch 37, train_loss 0.962588, val_loss 0.993355 | IC 0.0964, ICIR 0.4389, RankIC 0.0902, RankICIR 0.4238
Epoch 38, train_loss 0.960999, val_loss 0.997101 | IC 0.0930, ICIR 0.4169, RankIC 0.0850, RankICIR 0.3900
Epoch 39, train_loss 0.961545, val_loss 0.995138 | IC 0.0904, ICIR 0.4166, RankIC 0.0833, RankICIR 0.3889
[2049618:MainThread](2026-03-30 16:24:36,551) INFO - qlib.workflow - [exp.py:258] - Experiment 1 starts running ...
[2049618:MainThread](2026-03-30 16:24:36,599) INFO - qlib.workflow - [recorder.py:341] - Recorder e7a824715357471ebd67316599240527 starts running under Experiment 1 ...
[2049618:MainThread](2026-03-30 16:24:43,999) INFO - qlib.workflow - [record_temp.py:198] - Signal record 'pred.pkl' has been saved as the artifact of the Experiment 1
'The following are prediction results of the MASTERModel model.'
                              0
datetime   instrument          
2017-01-03 SH600000    0.005249
           SH600005   -0.071510
           SH600008    0.073750
           SH600009    0.184417
           SH600010    0.025321
{'IC': 0.04085272713003665,
 'ICIR': 0.17521438394959166,
 'Rank IC': 0.060836268988422336,
 'Rank ICIR': 0.29154912406357064}
[2049618:MainThread](2026-03-30 16:24:44,874) INFO - qlib.backtest caller - [__init__.py:93] - Create new exchange
[2049618:MainThread](2026-03-30 16:24:51,310) WARNING - qlib.online operator - [exchange.py:219] - $close field data contains nan.
[2049618:MainThread](2026-03-30 16:24:51,311) WARNING - qlib.online operator - [exchange.py:219] - $close field data contains nan.
[2049618:MainThread](2026-03-30 16:24:51,643) WARNING - qlib.BaseExecutor - [executor.py:121] - `common_infra` is not set for <qlib.backtest.executor.SimulatorExecutor object at 0x7f3d4de184c0>

backtest loop:   0%|          | 0/871 [00:00<?, ?it/s]/data/lyc/quant/qlib/qlib/utils/index_data.py:481: RuntimeWarning: Mean of empty slice
  return np.nanmean(self.data)

backtest loop:   1%|          | 10/871 [00:00<00:08, 99.82it/s]
backtest loop:   2%|▏         | 20/871 [00:00<00:08, 95.32it/s]
backtest loop:   4%|▎         | 32/871 [00:00<00:08, 103.60it/s]
backtest loop:   5%|▌         | 44/871 [00:00<00:08, 102.97it/s]
backtest loop:   6%|▋         | 56/871 [00:00<00:07, 106.86it/s]
backtest loop:   8%|▊         | 67/871 [00:00<00:08, 99.34it/s] 
backtest loop:   9%|▉         | 78/871 [00:00<00:08, 98.32it/s]
backtest loop:  10%|█         | 90/871 [00:00<00:07, 102.65it/s]
backtest loop:  12%|█▏        | 101/871 [00:00<00:07, 101.76it/s]
backtest loop:  13%|█▎        | 113/871 [00:01<00:07, 106.72it/s]
backtest loop:  14%|█▍        | 124/871 [00:01<00:07, 104.59it/s]
backtest loop:  15%|█▌        | 135/871 [00:01<00:06, 105.71it/s]
backtest loop:  17%|█▋        | 147/871 [00:01<00:06, 108.55it/s]
backtest loop:  18%|█▊        | 159/871 [00:01<00:06, 106.09it/s]
backtest loop:  20%|█▉        | 170/871 [00:01<00:06, 103.18it/s]
backtest loop:  21%|██        | 181/871 [00:01<00:06, 99.50it/s] 
backtest loop:  22%|██▏       | 191/871 [00:01<00:06, 99.09it/s]
backtest loop:  23%|██▎       | 203/871 [00:01<00:06, 104.75it/s]
backtest loop:  25%|██▍       | 214/871 [00:02<00:06, 102.99it/s]
backtest loop:  26%|██▌       | 226/871 [00:02<00:06, 107.08it/s]
backtest loop:  27%|██▋       | 238/871 [00:02<00:05, 109.81it/s]
backtest loop:  29%|██▊       | 250/871 [00:02<00:05, 107.88it/s]
backtest loop:  30%|███       | 262/871 [00:02<00:05, 110.83it/s]
backtest loop:  31%|███▏      | 274/871 [00:02<00:05, 106.01it/s]
backtest loop:  33%|███▎      | 285/871 [00:02<00:05, 102.86it/s]
backtest loop:  34%|███▍      | 297/871 [00:02<00:05, 107.32it/s]
backtest loop:  35%|███▌      | 308/871 [00:02<00:05, 106.34it/s]
backtest loop:  37%|███▋      | 320/871 [00:03<00:05, 108.70it/s]
backtest loop:  38%|███▊      | 331/871 [00:03<00:05, 106.29it/s]
backtest loop:  39%|███▉      | 343/871 [00:03<00:04, 109.45it/s]
backtest loop:  41%|████      | 354/871 [00:03<00:04, 107.37it/s]
backtest loop:  42%|████▏     | 365/871 [00:03<00:04, 103.64it/s]
backtest loop:  43%|████▎     | 377/871 [00:03<00:04, 107.55it/s]
backtest loop:  45%|████▍     | 388/871 [00:03<00:04, 103.43it/s]
backtest loop:  46%|████▌     | 399/871 [00:03<00:04, 104.54it/s]
backtest loop:  47%|████▋     | 411/871 [00:03<00:04, 108.84it/s]
backtest loop:  49%|████▊     | 423/871 [00:04<00:04, 107.43it/s]
backtest loop:  50%|████▉     | 435/871 [00:04<00:03, 110.60it/s]
backtest loop:  51%|█████▏    | 447/871 [00:04<00:03, 109.01it/s]
backtest loop:  53%|█████▎    | 458/871 [00:04<00:03, 108.89it/s]
backtest loop:  54%|█████▍    | 469/871 [00:04<00:04, 98.33it/s] 
backtest loop:  55%|█████▌    | 481/871 [00:04<00:03, 103.21it/s]
backtest loop:  56%|█████▋    | 492/871 [00:04<00:03, 101.52it/s]
backtest loop:  58%|█████▊    | 503/871 [00:04<00:03, 102.57it/s]
backtest loop:  59%|█████▉    | 515/871 [00:04<00:03, 102.15it/s]
backtest loop:  61%|██████    | 527/871 [00:05<00:03, 105.23it/s]
backtest loop:  62%|██████▏   | 538/871 [00:05<00:03, 106.29it/s]
backtest loop:  63%|██████▎   | 549/871 [00:05<00:03, 103.07it/s]
backtest loop:  64%|██████▍   | 560/871 [00:05<00:03, 101.17it/s]
backtest loop:  66%|██████▌   | 571/871 [00:05<00:03, 93.49it/s] 
backtest loop:  67%|██████▋   | 581/871 [00:05<00:03, 92.23it/s]
backtest loop:  68%|██████▊   | 591/871 [00:05<00:03, 90.84it/s]
backtest loop:  69%|██████▉   | 601/871 [00:05<00:02, 90.36it/s]
backtest loop:  70%|███████   | 611/871 [00:05<00:02, 90.55it/s]
backtest loop:  71%|███████▏  | 622/871 [00:06<00:02, 94.14it/s]
backtest loop:  73%|███████▎  | 633/871 [00:06<00:02, 97.93it/s]
backtest loop:  74%|███████▍  | 644/871 [00:06<00:02, 100.17it/s]
backtest loop:  75%|███████▌  | 655/871 [00:06<00:02, 98.00it/s] 
backtest loop:  76%|███████▋  | 666/871 [00:06<00:02, 100.42it/s]
backtest loop:  78%|███████▊  | 677/871 [00:06<00:01, 97.92it/s] 
backtest loop:  79%|███████▉  | 687/871 [00:06<00:01, 98.16it/s]
backtest loop:  80%|████████  | 697/871 [00:06<00:01, 97.73it/s]
backtest loop:  81%|████████  | 707/871 [00:06<00:01, 94.56it/s]
backtest loop:  83%|████████▎ | 719/871 [00:07<00:01, 97.23it/s]
backtest loop:  84%|████████▍ | 731/871 [00:07<00:01, 98.77it/s]
backtest loop:  85%|████████▌ | 743/871 [00:07<00:01, 99.23it/s]
backtest loop:  87%|████████▋ | 755/871 [00:07<00:01, 103.53it/s]
backtest loop:  88%|████████▊ | 767/871 [00:07<00:01, 102.97it/s]
backtest loop:  89%|████████▉ | 778/871 [00:07<00:00, 101.40it/s]
backtest loop:  91%|█████████ | 789/871 [00:07<00:00, 102.80it/s]
backtest loop:  92%|█████████▏| 801/871 [00:07<00:00, 101.12it/s]
backtest loop:  93%|█████████▎| 812/871 [00:07<00:00, 100.22it/s]
backtest loop:  94%|█████████▍| 823/871 [00:08<00:00, 99.91it/s] 
backtest loop:  96%|█████████▌| 835/871 [00:08<00:00, 103.76it/s]
backtest loop:  97%|█████████▋| 846/871 [00:08<00:00, 101.79it/s]
backtest loop:  99%|█████████▊| 858/871 [00:08<00:00, 106.61it/s]
backtest loop: 100%|█████████▉| 869/871 [00:08<00:00, 106.32it/s]
backtest loop: 100%|██████████| 871/871 [00:08<00:00, 102.44it/s]
[2049618:MainThread](2026-03-30 16:25:00,201) INFO - qlib.workflow - [record_temp.py:515] - Portfolio analysis record 'port_analysis_1day.pkl' has been saved as the artifact of the Experiment 1
'The following are analysis results of benchmark return(1day).'
                       risk
mean               0.000477
std                0.012295
annualized_return  0.113561
information_ratio  0.598699
max_drawdown      -0.370479
'The following are analysis results of the excess return without cost(1day).'
                       risk
mean              -0.000359
std                0.004381
annualized_return -0.085448
information_ratio -1.264151
max_drawdown      -0.337918
'The following are analysis results of the excess return with cost(1day).'
                       risk
mean              -0.000627
std                0.004387
annualized_return -0.149331
information_ratio -2.206205
max_drawdown      -0.550839
[2049618:MainThread](2026-03-30 16:25:00,217) INFO - qlib.workflow - [record_temp.py:540] - Indicator analysis record 'indicator_analysis_1day.pkl' has been saved as the artifact of the Experiment 1
'The following are analysis results of indicators(1day).'
     value
ffr    1.0
pa     0.0
pos    0.0
{'IC': 0.04085272713003665, '1day.excess_return_without_cost.information_ratio': -1.2641513132820281, '1day.excess_return_with_cost.std': 0.004387483577670495, '1day.excess_return_without_cost.mean': -0.00035902465036056423, '1day.excess_return_without_cost.std': 0.004381407893043681, '1day.excess_return_without_cost.max_drawdown': -0.33791817245341377, '1day.pos': 0.0, '1day.pa': 0.0, '1day.excess_return_with_cost.information_ratio': -2.2062054353716536, 'Rank IC': 0.060836268988422336, '1day.ffr': 1.0, 'Rank ICIR': 0.29154912406357064, '1day.excess_return_with_cost.mean': -0.0006274411176450431, '1day.excess_return_without_cost.annualized_return': -0.08544786678581429, '1day.excess_return_with_cost.annualized_return': -0.14933098599952024, 'ICIR': 0.17521438394959166, '1day.excess_return_with_cost.max_drawdown': -0.5508389117712997}
{'1day.excess_return_without_cost.annualized_return': [-0.08544786678581429],
 '1day.excess_return_without_cost.information_ratio': [-1.2641513132820281],
 'IC': [0.04085272713003665],
 'ICIR': [0.17521438394959166],
 'Rank IC': [0.060836268988422336],
 'Rank ICIR': [0.29154912406357064]}
[2049618:MainThread](2026-03-30 16:25:00,791) INFO - qlib.timer - [log.py:127] - Time cost: 0.000s | waiting `async_log` Done
------------------------
seed: 1
Epoch 0, train_loss 1.069152, val_loss 0.998470 | IC 0.0557, ICIR 0.2519, RankIC 0.0522, RankICIR 0.2414
Epoch 1, train_loss 1.020400, val_loss 0.994959 | IC 0.0690, ICIR 0.3021, RankIC 0.0626, RankICIR 0.2761
Epoch 2, train_loss 1.007094, val_loss 0.994779 | IC 0.0640, ICIR 0.2863, RankIC 0.0593, RankICIR 0.2690
Epoch 3, train_loss 0.999334, val_loss 0.990971 | IC 0.0800, ICIR 0.3431, RankIC 0.0718, RankICIR 0.3152
Epoch 4, train_loss 0.994639, val_loss 0.991743 | IC 0.0794, ICIR 0.3385, RankIC 0.0721, RankICIR 0.3169
Epoch 5, train_loss 0.991972, val_loss 0.990427 | IC 0.0824, ICIR 0.3575, RankIC 0.0750, RankICIR 0.3353
